// Jest Snapshot v1, https://goo.gl/fbAQLP

exports[`Page matches snapshot 1`] = `
<div
  className="root"
>
  <div
    className="topbar"
  >
    <a
      href="/"
      id="title"
    >
      MicroBlog
    </a>
    <div
      className="topbar-right"
    >
      <a
        href="/login"
        id="login"
      >
        Login
      </a>
      <a
        href="/register"
        id="signup"
      >
        Signup
      </a>
    </div>
  </div>
  <div
    id="errMsg"
  >
    <span>
      
    </span>
  </div>
  <div
    className="register"
  >
    <form
      onSubmit={[Function]}
    >
      <label>
        Username
      </label>
      <input
        onChange={[Function]}
        type="text"
        value=""
      />
      <label>
        Verify Your Email Address:
      </label>
      <input
        onChange={[Function]}
        type="text"
        value=""
      />
      <label>
        Reset Your Passsword:
      </label>
      <input
        onChange={[Function]}
        type="password"
        value=""
      />
      <label>
        Repeat Your Passsword:
      </label>
      <input
        onChange={[Function]}
        type="password"
        value=""
      />
      <button
        type="submit"
      >
        Reset Your Password
      </button>
    </form>
  </div>
</div>
`;
